universe 17 codes
corpcode map: 3967 listed
  [1/17] 051910 LG화학 done, rows=26
  [2/17] 009830 한화솔루션 done, rows=53
  [3/17] 010060 OCI홀딩스 done, rows=63
  [4/17] 011170 롯데케미칼 done, rows=91
  [5/17] 011780 금호석유화학 done, rows=118
  [6/17] 014680 한솔케미칼 done, rows=146
  [7/17] 457190 이수스페셜티케미컬 done, rows=157
  [8/17] 120110 코오롱인더 done, rows=185
  [9/17] 093370 후성 done, rows=213
  [10/17] 004000 롯데정밀화학 done, rows=241
  [11/17] 456040 OCI done, rows=251
  [12/17] 298050 HS효성첨단소재 done, rows=279
  [13/17] 006650 대한유화 done, rows=307
  [14/17] 069260 TKG휴켐스 done, rows=335
  [15/17] 161000 애경케미칼 done, rows=363
  [16/17] 025860 남해화학 done, rows=391
  [17/17] 005950 이수화학 done, rows=419

Saved D:\projects\Inv\study-research\eq_kr\industries\chemical\raw-v3\data\dart_financials.parquet: 419 rows
{'004000': 28, '005950': 28, '006650': 28, '009830': 27, '010060': 10, '011170': 28, '011780': 27, '014680': 28, '025860': 28, '051910': 26, '069260': 28, '093370': 28, '120110': 28, '161000': 28, '298050': 28, '456040': 10, '457190': 11}

sample:
     code  name  year quarter reprt_code  rcept_dt        equity    net_income        assets
0  051910  LG화학  2019      Q1      11013  20190515  1.719929e+13           NaN  3.121228e+13
1  051910  LG화학  2019      H1      11012  20190814  1.727886e+13           NaN  3.243555e+13
2  051910  LG화학  2019      Q3      11014  20191114  1.749078e+13           NaN  3.353076e+13
3  051910  LG화학  2019      FY      11011  20200330  1.738379e+13  3.761040e+11  3.402443e+13
4  051910  LG화학  2020      Q1      11013  20200515  1.741609e+13           NaN  3.712113e+13
5  051910  LG화학  2020      H1      11012  20200814  1.784242e+13           NaN  3.857630e+13
