universe 17 codes
  [1/17] 051910 LG화학 done rows=28
  [2/17] 009830 한화솔루션 done rows=56
  [3/17] 010060 OCI홀딩스 done rows=84
  [4/17] 011170 롯데케미칼 done rows=112
  [5/17] 011780 금호석유화학 done rows=140
  [6/17] 014680 한솔케미칼 done rows=168
  [7/17] 457190 이수스페셜티케미컬 done rows=179
  [8/17] 120110 코오롱인더 done rows=207
  [9/17] 093370 후성 done rows=235
  [10/17] 004000 롯데정밀화학 done rows=263
  [11/17] 456040 OCI done rows=274
  [12/17] 298050 HS효성첨단소재 done rows=302
  [13/17] 006650 대한유화 done rows=330
  [14/17] 069260 TKG휴켐스 done rows=358
  [15/17] 161000 애경케미칼 done rows=386
  [16/17] 025860 남해화학 done rows=414
  [17/17] 005950 이수화학 done rows=442

Saved D:\projects\Inv\study-research\eq_kr\industries\chemical\raw-v3\data\dart_extended.parquet: 442 rows, 17 codes
coverage: {'inventory': 0.97, 'ppe': 1.0, 'intangible': 0.83, 'cogs': 0.35}
