[KW fetch — R3 발견 FRED endpoint]
  [OK] THREEFYTP10 rows=9,084 1990-01-02~2026-05-22
  [OK] THREEFYTP5 rows=9,084 1990-01-02~2026-05-22
  [OK] THREEFFTP10 rows=9,084 1990-01-02~2026-05-22

[KW vs ACM cross-check 10Y]
  common period: 1990-01-02 ~ 2026-05-22, n=9,084
  level corr  = +0.8597
  d20 corr    = +0.7241
  mean(ACM-KW)= +0.2553  std= +0.6763

[v5 panel] 2007-12-18 ~ 2026-05-29  n=4,814

[★ HYG regime walk-forward 자가검증 (audit C축 핵심)]
  rate_up_vol_high         n= 1036 sign_match=0.75 mean_IS=+0.0059 mean_OOS=-0.0762
  rate_up_vol_low          n= 1140 sign_match=0.75 mean_IS=+0.0809 mean_OOS=+0.1119
  rate_down_vol_high       n=  999 sign_match=0.75 mean_IS=+0.0183 mean_OOS=-0.0246
  rate_down_vol_low        n= 1405 sign_match=0.25 mean_IS=-0.0021 mean_OOS=+0.0346

  [tsy_long] walk-forward sign-prior eligible = 12 / 18 specs

  [tsy_mid] walk-forward sign-prior eligible = 13 / 18 specs

  [tsy_short] walk-forward sign-prior eligible = 15 / 18 specs

  [ig_credit] walk-forward sign-prior eligible = 15 / 18 specs

  [hy_credit] walk-forward sign-prior eligible = 13 / 18 specs

  [cash_tbill] walk-forward sign-prior eligible = 12 / 18 specs

  [tips] walk-forward sign-prior eligible = 17 / 18 specs

[DONE] walk-forward + KW-vs-ACM v5 → D:\projects\Inv\study-research\bond_cash\raw\sub-clusters
