=== H2 Mean-Reversion (VNQ Proxy) Validation ===
VNQ data: 2005-01-03 ~ 2026-05-28, n=5384
Effective sample (both z + fwd defined): n=4629
z range: [-5.64, 3.16], mean=0.67

=== Bucket-conditional 12m forward total return (mean / median / n) ===
bucket                           n    mean fwd%     med fwd%    frac>0
----------------------------------------------------------------------
A_z<-1.5_DEEP_DISC             275        32.5%        32.6%     82.5%
B_z[-1.5,-0.5)_MILD_DISC       534         7.4%         8.0%     67.0%
C_z[-0.5,0.5)_NEUTRAL          856        13.7%        18.7%     74.9%
D_z[0.5,1.5)_MILD_PREM        1693         8.0%         9.4%     78.1%
E_z>=1.5_DEEP_PREM            1271        -0.7%        -0.0%     50.0%

Spearman Rank-IC (z vs 12m fwd ret), n=4629: rho=-0.361 p=0.0000
(Negative rho expected if mean-reversion holds: low z ¡æ high fwd ret)

=== Deep discount events (z < -1.5) ===
n events (daily granularity): 275
n distinct episodes (>=90d gap): 8
Mean 12m fwd return in deep discount: +32.5%
Median: +32.6%
Fraction positive: 82.5%

Sample deep-discount episode starts:
  2008-01-04  z=-1.71  fwd12m=-35.4%
  2008-06-27  z=-1.55  fwd12m=-43.0%
  2018-02-08  z=-2.18  fwd12m=+21.9%
  2018-12-24  z=-2.03  fwd12m=+31.9%
  2020-03-16  z=-2.28  fwd12m=+46.4%
  2022-09-29  z=-1.56  fwd12m=-2.0%
  2023-03-10  z=-1.74  fwd12m=+12.6%
  2023-09-26  z=-1.58  fwd12m=+33.8%

=== Deep premium events (z > 1.5) ===
n: 1271, mean 12m fwd: -0.7% (negative = mean-revert from premium expected)

=== H2 verdict (proxy via VNQ price Z-score, NOT exact cap rate spread) ===
Whole-sample Spearman Rank-IC (z vs 12m fwd ret): -0.361
Deep-discount (z<-1.5) mean 12m fwd ret: +32.5% over 275 obs

Note: This is a PRICE-LEVEL proxy, not exact implied-private cap rate spread.
Direct cap rate spread time series requires Nareit T-tracker Excel direct download (TODO).
Primary-confirmed spread anchors (sparse): Q3'22=243bp, Q4'23=123bp, Q2'24=130bp, Q3'24=60bp est.
