[1/4] fetching REIT prices (10 tickers, 2021-12 ~ 2025-01)…
  REIT shape=(783, 10), span=2021-12-01~2025-01-14
  NA per ticker:
VNQ           0
Industrial    0
Apartment     0
Office        0
Healthcare    0
Datacenter    0
Storage       0
Retail        0
Hotel         0
Tower         0

[2/4] fetching DXY (DX-Y.NYB) + WTI (CL=F)…
  DXY n=784, WTI n=784

[3/4] fetching FRED DGS10…
  DGS10 span=1962-01-02~2026-05-28, n=16086

[4/4] merged panel shape=(783, 13), span=2021-12-01~2025-01-14
  factor+sleeve return frame: n=782, span=2021-12-02~2025-01-14

========================================================================================
M3 거시-종목 factor linkage | REIT VNQ + 9 sub-sector ETF
factors=['rate', 'dollar', 'oil'] (rate=Δus10y bp, dollar=Δlog DXY, oil=Δlog WTI)
⛔ 실현수익률 전용(U3 reflexive 차단) · 합성無 · yfinance auto_adjust + FRED DGS10
========================================================================================

## 1. regime별 수익분해 (epoch × sleeve)

[전체] 2022-01-01~2024-12-31 n_days=753
              n  mean_daily_bp  annvol_pct  cum_pct
sleeve                                             
VNQ         753          -1.93       20.63   -13.54
Industrial  753          -5.05       28.73   -31.64
Apartment   753          -0.46       22.85    -3.44
Office      753          -3.55       35.12   -23.45
Healthcare  753           6.23       23.95    59.90
Datacenter  753           2.22       28.55    18.15
Storage     753          -1.03       25.26    -7.44
Retail      753           3.29       26.81    28.10
Hotel       753           1.86       30.97    15.05
Tower       753          -4.97       27.91   -31.20

[E1_긴축충격] 2022-01-01~2022-09-30 n_days=188
              n  mean_daily_bp  annvol_pct  cum_pct
sleeve                                             
VNQ         188         -18.45       23.43   -29.32
Industrial  188         -25.87       33.73   -38.52
Apartment   188         -15.58       25.32   -25.39
Office      188         -21.19       29.27   -32.85
Healthcare  188         -14.14       24.11   -23.35
Datacenter  188         -20.39       34.83   -31.84
Storage     188         -10.01       26.99   -17.16
Retail      188         -28.28       32.99   -41.24
Hotel       188          -4.17       40.59    -7.53
Tower       188         -15.85       30.03   -25.77

[E2_전환·반등] 2022-10-01~2023-06-30 n_days=187
              n  mean_daily_bp  annvol_pct  cum_pct
sleeve                                             
VNQ         187           4.10       23.45     7.97
Industrial  187          11.19       29.90    23.27
Apartment   187           3.01       26.57     5.78
Office      187         -11.38       39.78   -19.17
Healthcare  187          13.59       30.92    28.93
Datacenter  187          17.92       30.33    39.81
Storage     187           1.30       27.60     2.47
Retail      187          15.97       28.75    34.81
Hotel       187           5.09       32.14    10.00
Tower       187          -3.82       29.97    -6.90

[E3_금리재상승] 2023-07-01~2023-09-30 n_days=63
             n  mean_daily_bp  annvol_pct  cum_pct
sleeve                                            
VNQ         63         -14.23       14.56    -8.57
Industrial  63         -12.98       21.05    -7.85
Apartment   63         -13.90       16.40    -8.39
Office      63           7.79       32.34     5.03
Healthcare  63           3.16       20.87     2.01
Datacenter  63         -11.40       21.25    -6.93
Storage     63         -14.49       20.09    -8.73
Retail      63          -7.96       18.97    -4.89
Hotel       63          -5.54       27.70    -3.43
Tower       63         -26.18       24.39   -15.21

[E4_pivot·인하] 2023-10-01~2024-12-31 n_days=315
              n  mean_daily_bp  annvol_pct  cum_pct
sleeve                                             
VNQ         315           6.81       17.81    23.91
Industrial  315          -0.68       25.90    -2.11
Apartment   315           9.18       19.77    33.55
Office      315           9.36       35.90    34.29
Healthcare  315          14.64       19.13    58.60
Datacenter  315           9.10       24.13    33.21
Storage     315           5.64       23.67    19.46
Retail      315          16.85       22.12    70.04
Hotel       315           5.02       23.47    17.13
Tower       315           5.09       25.94    17.39


## 2. factor loading B (REIT sleeve ~ [rate, dollar, oil] OLS)
rate 단위: bp (e.g. β_rate=+0.5 → us10y +1bp 시 sleeve 일별 +0.5e-4)
t-stat |t|>2 ≈ 95% 유의. ★M1 비교: 주식 us_stock rate=+0.008(~0), dollar=-0.879

[전체] n=753 (2022-01-01~2024-12-31)
  sleeve           β_rate   t_rate   β_dollar    t_dol      β_oil    t_oil     idio_var
  VNQ              -3.824    -5.65    -0.8408    -8.33    -0.0078    -0.42     1.37e-04
  Industrial       -4.508    -4.57    -0.8480    -5.77    -0.0027    -0.10     2.90e-04
  Apartment        -2.760    -3.49    -0.7064    -6.00    -0.0244    -1.14     1.87e-04
  Office           -2.573    -2.09    -1.0479    -5.72    +0.0406    +1.22     4.52e-04
  Healthcare       -2.081    -2.47    -0.6690    -5.34    -0.0143    -0.63     2.11e-04
  Datacenter       -5.391    -5.52    -0.7346    -5.04    -0.0310    -1.18     2.85e-04
  Storage          -4.743    -5.50    -0.6973    -5.43    +0.0031    +0.13     2.22e-04
  Retail           -0.887    -0.96    -1.0492    -7.59    +0.0024    +0.10     2.57e-04
  Hotel            +1.786    +1.67    -1.3873    -8.71    +0.0195    +0.68     3.41e-04
  Tower            -6.859    -7.43    -0.8223    -5.98    -0.0319    -1.28     2.54e-04

[E1_긴축충격] n=188 (2022-01-01~2022-09-30)
  sleeve           β_rate   t_rate   β_dollar    t_dol      β_oil    t_oil     idio_var
  VNQ              -3.657    -2.71    -0.8762    -4.49    -0.0106    -0.34     1.82e-04
  Industrial       -4.609    -2.29    -0.8780    -3.01    -0.0249    -0.53     4.08e-04
  Apartment        -2.714    -1.81    -0.8416    -3.88    -0.0173    -0.50     2.25e-04
  Office           -1.301    -0.74    -0.9042    -3.55    +0.0179    +0.44     3.12e-04
  Healthcare       -4.279    -3.02    -0.6411    -3.13    +0.0283    +0.86     2.02e-04
  Datacenter       -6.177    -3.01    -0.8543    -2.87    -0.0689    -1.45     4.24e-04
  Storage          -3.704    -2.27    -0.5000    -2.12    +0.0378    +1.00     2.68e-04
  Retail           -1.345    -0.70    -1.4070    -5.06    -0.0232    -0.52     3.71e-04
  Hotel            +1.744    +0.75    -2.0400    -6.10    +0.0239    +0.45     5.37e-04
  Tower            -3.705    -2.07    -0.8108    -3.12    -0.0495    -1.19     3.23e-04

[E2_전환·반등] n=187 (2022-10-01~2023-06-30)
  sleeve           β_rate   t_rate   β_dollar    t_dol      β_oil    t_oil     idio_var
  VNQ              -1.069    -0.72    -0.8360    -4.00    +0.0448    +0.96     1.87e-04
  Industrial       -2.537    -1.33    -0.8639    -3.20    +0.0595    +0.99     3.11e-04
  Apartment        -1.632    -0.93    -0.5772    -2.34    +0.0320    +0.58     2.61e-04
  Office           +4.198    +1.61    -0.9178    -2.49    +0.1242    +1.50     5.82e-04
  Healthcare       +2.184    +1.08    -1.0278    -3.59    -0.0301    -0.47     3.51e-04
  Datacenter       -2.623    -1.37    -1.0184    -3.76    +0.0169    +0.28     3.14e-04
  Storage          -2.292    -1.27    -0.5715    -2.24    +0.0446    +0.78     2.79e-04
  Retail           +2.568    +1.38    -0.8461    -3.22    +0.0960    +1.63     2.95e-04
  Hotel            +2.376    +1.14    -1.0178    -3.46    +0.0711    +1.08     3.71e-04
  Tower            -5.228    -2.85    -0.9548    -3.69    +0.0439    +0.76     2.86e-04

[E3_금리재상승] n=63 (2023-07-01~2023-09-30)
  sleeve           β_rate   t_rate   β_dollar    t_dol      β_oil    t_oil     idio_var
  VNQ              -6.297    -3.20    -0.0047    -0.01    -0.0021    -0.03     6.59e-05
  Industrial       -6.204    -2.08    -0.2609    -0.50    -0.0415    -0.37     1.51e-04
  Apartment        -3.527    -1.49    -0.2667    -0.64    -0.0791    -0.90     9.49e-05
  Office          -11.793    -2.66    -0.3133    -0.40    +0.1464    +0.89     3.34e-04
  Healthcare       -4.281    -1.38    +0.3267    +0.60    -0.0535    -0.46     1.64e-04
  Datacenter      -10.863    -3.89    +0.6670    +1.36    -0.2047    -1.97     1.33e-04
  Storage          +0.232    +0.08    -0.5182    -0.98    -0.0298    -0.27     1.54e-04
  Retail           -7.064    -2.60    +0.6458    +1.35    -0.0111    -0.11     1.26e-04
  Hotel            -5.954    -1.46    +0.0037    +0.01    +0.0143    +0.09     2.85e-04
  Tower            -9.126    -2.65    +0.7310    +1.21    +0.1376    +1.07     2.03e-04

[E4_pivot·인하] n=315 (2023-10-01~2024-12-31)
  sleeve           β_rate   t_rate   β_dollar    t_dol      β_oil    t_oil     idio_var
  VNQ              -6.444    -6.15    -0.7874    -4.64    -0.0382    -1.38     8.50e-05
  Industrial       -6.599    -3.84    -0.6870    -2.47    -0.0072    -0.16     2.29e-04
  Apartment        -4.119    -3.15    -0.6325    -2.99    -0.0656    -1.90     1.32e-04
  Office           -7.959    -3.37    -1.3348    -3.49    +0.0186    +0.30     4.32e-04
  Healthcare       -3.467    -2.68    -0.4228    -2.02    -0.0844    -2.47     1.29e-04
  Datacenter       -7.771    -4.82    -0.2242    -0.86    -0.0011    -0.03     2.01e-04
  Storage          -8.388    -5.97    -1.0192    -4.48    -0.0536    -1.44     1.53e-04
  Retail           -3.721    -2.53    -0.8842    -3.71    -0.0196    -0.50     1.68e-04
  Hotel            +1.202    +0.75    -1.1672    -4.47    -0.0283    -0.66     2.02e-04
  Tower           -12.013    -7.88    -0.5780    -2.34    -0.0710    -1.76     1.80e-04


## 3. cross-asset vs within-sleeve 구분 (L축 caveat)
within-sleeve = 9 sub-sector pairwise ρ 평균(equity factor proxy, M1 us_stock~tech 0.96 와 유사 기대)
  epoch            n_days     mean_ρ      min_ρ   n_pair
  전체                  753     +0.547     +0.319       36
  E1_긴축충격             188     +0.569     +0.267       36
  E2_전환·반등            187     +0.603     +0.429       36
  E3_금리재상승             63     +0.399     -0.098       36
  E4_pivot·인하         315     +0.511     +0.211       36


## 4. epoch별 loading 변동 — VNQ + 주요 sub-sector (M1 발견 검증)
M1 us_stock rate-UP − rate-DOWN: Δrate -0.025 / Δdollar -0.405 (rate-up 시 dollar loading 2배)

  sleeve                      E1_긴축충격               E2_전환·반등               E3_금리재상승            E4_pivot·인하
  (β_rate)        (β_rate / β_dollar)    (β_rate / β_dollar)    (β_rate / β_dollar)    (β_rate / β_dollar)
  VNQ              -3.66bp /  -0.876      -1.07bp /  -0.836      -6.30bp /  -0.005      -6.44bp /  -0.787  
  Industrial       -4.61bp /  -0.878      -2.54bp /  -0.864      -6.20bp /  -0.261      -6.60bp /  -0.687  
  Office           -1.30bp /  -0.904      +4.20bp /  -0.918     -11.79bp /  -0.313      -7.96bp /  -1.335  
  Apartment        -2.71bp /  -0.842      -1.63bp /  -0.577      -3.53bp /  -0.267      -4.12bp /  -0.632  
  Healthcare       -4.28bp /  -0.641      +2.18bp /  -1.028      -4.28bp /  +0.327      -3.47bp /  -0.423  
  Tower            -3.71bp /  -0.811      -5.23bp /  -0.955      -9.13bp /  +0.731     -12.01bp /  -0.578  


## 5. M1 finding REIT 검증 (rate loading ≈ 0 / dollar loading rate-UP 2배?)
  [전체 기간] sleeve | β_rate (bp scale) | t | β_dollar | t
    VNQ          β_rate= -3.824 (t=-5.65) β_dollar= -0.841 (t=-8.33)
    Industrial   β_rate= -4.508 (t=-4.57) β_dollar= -0.848 (t=-5.77)
    Office       β_rate= -2.573 (t=-2.09) β_dollar= -1.048 (t=-5.72)
    Apartment    β_rate= -2.760 (t=-3.49) β_dollar= -0.706 (t=-6.00)
    Healthcare   β_rate= -2.081 (t=-2.47) β_dollar= -0.669 (t=-5.34)
    Tower        β_rate= -6.859 (t=-7.43) β_dollar= -0.822 (t=-5.98)

  [E1 긴축충격 (rate↑↑) vs E4 pivot·인하 (rate↓) dollar loading 차이]
    VNQ          E1 dollar=-0.876 / E4 dollar=-0.787 Δ=-0.089 ratio(E1/E4)=+1.11x
    Industrial   E1 dollar=-0.878 / E4 dollar=-0.687 Δ=-0.191 ratio(E1/E4)=+1.28x
    Office       E1 dollar=-0.904 / E4 dollar=-1.335 Δ=+0.431 ratio(E1/E4)=+0.68x
    Apartment    E1 dollar=-0.842 / E4 dollar=-0.632 Δ=-0.209 ratio(E1/E4)=+1.33x
    Healthcare   E1 dollar=-0.641 / E4 dollar=-0.423 Δ=-0.218 ratio(E1/E4)=+1.52x
    Tower        E1 dollar=-0.811 / E4 dollar=-0.578 Δ=-0.233 ratio(E1/E4)=+1.40x

해석 (자동 stub):
  - VNQ β_rate ≈ 0 면 M1(주식) 패턴과 정합 → REIT 도 rate 직접 loading 약함, dollar 채널 가설.
  - E1 |β_dollar| / E4 |β_dollar| > 1.5 면 M1 'rate-UP 시 dollar loading 2배' 패턴 REIT 검증.
  - within-sleeve mean ρ > 0.7 → equity factor 지배 (L축 caveat: cross-asset 외 within 별도 처리).

=== M3 done ===
