[fetch] 10종목 + SPY 2010-01-01~2026-06-01 ...
[fetch] 일봉 4126행, 컬럼 ['AAPL', 'CVX', 'INTC', 'JNJ', 'JPM', 'KO', 'MSFT', 'PG', 'SPY', 'WMT', 'XOM']

====================================================================================================
[C1 시장 설명분] 개별종목 21d 수익 ~ SPY 21d 회귀 R² (높을수록 '시장 dip' 교락)
ticker     beta  r2_market
  AAPL 1.130356   0.382037
  MSFT 1.026455   0.485297
   JPM 1.186664   0.509175
    KO 0.451636   0.195505
   XOM 0.763964   0.218011
   JNJ 0.477210   0.203792
    PG 0.421293   0.170355
   WMT 0.461839   0.144442
   CVX 0.902998   0.281714
  INTC 1.231484   0.200482

  R² 중앙값 = 0.211, 평균 = 0.279
  → 자문 claim '단일종목 급락=시장 dip 매수' 검증: R²↑면 지지

====================================================================================================
[C2 유효N] 저평가(가격<0.75×200dMA) 독립 에피소드(gap>60d) — 단일종목 표본수
ticker  cheap_days  cheap_episodes
  AAPL          10               2
  MSFT           1               1
   JPM          24               2
    KO           3               1
   XOM          62               2
   JNJ           0               0
    PG           0               0
   WMT           0               0
   CVX          27               2
  INTC         154               2

  독립 에피소드 중앙값 = 1.5 (16년 일봉 기준)
  → 자문 claim '유효N 한 자릿수' 검증: 에피소드<10이면 지지

====================================================================================================
[C3 동반] 종목 21d<-10% 급락 중 SPY 21d<-5% 동반 비율
ticker  n_dip10  dip_co_market  dip_co_frac
  AAPL      239            111     0.464435
  MSFT      124             75     0.604839
   JPM      200            143     0.715000
    KO       37             25     0.675676
   XOM      173             82     0.473988
   JNJ       42             28     0.666667
    PG       41             32     0.780488
   WMT       91             34     0.373626
   CVX      207            100     0.483092
  INTC      400            124     0.310000

  동반비율 중앙값 = 0.544
  → 높을수록 '급락 진입=시장 타이밍' 교락 지지
====================================================================================================

[저장] .p3-gate-verify-result.csv
