[1/3] universe ...
  total matched=59 / floor-passed=23
  Code     Name Market       Marcap       Amount
005490 POSCO홀딩스  KOSPI 2.995330e+13 6.582883e+10
004020     현대제철  KOSPI 4.730653e+12 9.650553e+09
001430  세아베스틸지주  KOSPI 1.732140e+12 1.768461e+09
014620     성광벤드 KOSDAQ 7.914094e+11 7.727454e+08
023160       태광 KOSDAQ 7.410965e+11 1.127702e+09
044490       태웅 KOSDAQ 6.332336e+11 9.244909e+08
058650    세아홀딩스  KOSPI 6.104578e+11 4.491347e+08
016380     KG스틸  KOSPI 5.300472e+11 1.106931e+09
002240     고려제강  KOSPI 4.919400e+11 1.819340e+08
460860     동국제강  KOSPI 4.752448e+11 9.621410e+08
013030   하이록코리아 KOSDAQ 4.001169e+11 4.589474e+08
306200     세아제강  KOSPI 3.718389e+11 2.126866e+08
092790      넥스틸  KOSPI 3.442665e+11 1.002749e+09
002710    TCC스틸  KOSPI 3.344868e+11 9.384627e+08
058430  포스코스틸리온  KOSPI 3.168000e+11 7.647957e+08
009160   SIMPAC  KOSPI 3.036481e+11 1.006092e+08
084010     대한제강  KOSPI 2.777225e+11 1.321706e+08
005010      휴스틸  KOSPI 2.539701e+11 1.045249e+09
004560  현대비앤지스틸  KOSPI 1.970801e+11 5.521277e+08
460850     동국씨엠  KOSPI 1.548750e+11 3.665951e+08
008970  KBI동양철관  KOSPI 1.383213e+11 2.557439e+08
002220     한일철강  KOSPI 1.249441e+11 5.719481e+08
014280     금강공업  KOSPI 1.231833e+11 1.407455e+08

[2/3] prices (23 codes) ...
KRX 로그인 실패: KRX_ID 또는 KRX_PW 환경 변수가 설정되지 않았습니다.
  [0] 005490 ok rows=1818
  [1] 004020 ok rows=1818
  [2] 001430 ok rows=1818
  [3] 014620 ok rows=1818
  [4] 023160 ok rows=1818
  [5] 044490 ok rows=1818
  [6] 058650 ok rows=1818
  [7] 016380 ok rows=1818
  [8] 002240 ok rows=1818
  [9] 460860 ok rows=718
  [10] 013030 ok rows=1818
  [11] 306200 ok rows=1818
  [12] 092790 ok rows=673
  [13] 002710 ok rows=1818
  [14] 058430 ok rows=1818
  [15] 009160 ok rows=1818
  [16] 084010 ok rows=1818
  [17] 005010 ok rows=1818
  [18] 004560 ok rows=1818
  [19] 460850 ok rows=718
  [20] 008970 ok rows=1818
  [21] 002220 ok rows=1818
  [22] 014280 ok rows=1818
  price panel: (1818, 23)  date 2019-01-02~2026-05-29

[3/3] DART filings (보고지연 stamp) ...
  dart years: []

DONE
