universe 23 codes
corpcode map: 3967 listed
  [1/23] 005490 POSCO홀딩스 done, rows=22
  [2/23] 004020 현대제철 done, rows=35
  [3/23] 001430 세아베스틸지주 done, rows=57
  [4/23] 014620 성광벤드 done, rows=85
  [5/23] 023160 태광 done, rows=113
  [6/23] 044490 태웅 done, rows=141
  [7/23] 058650 세아홀딩스 done, rows=169
  [8/23] 016380 KG스틸 done, rows=197
  [9/23] 002240 고려제강 done, rows=225
  [10/23] 460860 동국제강 done, rows=236
  [11/23] 013030 하이록코리아 done, rows=264
  [12/23] 306200 세아제강 done, rows=292
  [13/23] 092790 넥스틸 done, rows=302
  [14/23] 002710 TCC스틸 done, rows=330
  [15/23] 058430 포스코스틸리온 done, rows=358
  [16/23] 009160 SIMPAC done, rows=386
  [17/23] 084010 대한제강 done, rows=414
  [18/23] 005010 휴스틸 done, rows=442
  [19/23] 004560 현대비앤지스틸 done, rows=470
  [20/23] 460850 동국씨엠 done, rows=481
  [21/23] 008970 KBI동양철관 done, rows=509
  [22/23] 002220 한일철강 done, rows=537
  [23/23] 014280 금강공업 done, rows=563

Saved D:\projects\Inv\study-research\eq_kr\industries\steel\raw-v3\data\dart_financials.parquet: 563 rows
{'001430': 22, '002220': 28, '002240': 28, '002710': 28, '004020': 13, '004560': 28, '005010': 28, '005490': 22, '008970': 28, '009160': 28, '013030': 28, '014280': 26, '014620': 28, '016380': 28, '023160': 28, '044490': 28, '058430': 28, '058650': 28, '084010': 28, '092790': 10, '306200': 28, '460850': 11, '460860': 11}

sample:
     code      name  year quarter reprt_code  rcept_dt        equity    net_income        assets
0  005490  POSCO홀딩스  2019      Q1      11013  20190515  4.724440e+13  7.784452e+11  7.973985e+13
1  005490  POSCO홀딩스  2019      H1      11012  20190814  4.787397e+13  6.814182e+11  7.899103e+13
2  005490  POSCO홀딩스  2019      Q3      11014  20191114  4.812818e+13  4.968104e+11  7.961909e+13
3  005490  POSCO홀딩스  2019      FY      11011  20200320  4.779471e+13  1.982637e+12  7.905866e+13
4  005490  POSCO홀딩스  2020      Q1      11013  20200515  4.741439e+13  4.346582e+11  8.226072e+13
5  005490  POSCO홀딩스  2020      H1      11012  20200813  4.759315e+13  1.048679e+11  8.211185e+13
