================================================================================
1. family_1 fixed-b retention (pbr/ev_ebitda CONFIRMED size-valid?):
   pbr_z__3M              t=-3.65 fixedCV=2.13 n_eff=59.5 wildP=0.0015 → SURVIVE
   pbr_z__6M              t=-3.23 fixedCV=2.14 n_eff=40.8 wildP=0.0045 → SURVIVE
   pbr_z__12M             t=-3.35 fixedCV=2.15 n_eff=31.8 wildP=0.013 → SURVIVE
   pbr_z__24M_value       t=-3.76 fixedCV=2.16 n_eff=26.6 wildP=0.0115 → SURVIVE
   ev_ebitda__3M          t=-2.79 fixedCV=2.13 n_eff=58.4 wildP=0.015 → SURVIVE
   ev_ebitda__6M          t=-3.53 fixedCV=2.14 n_eff=41.9 wildP=0.002 → SURVIVE
   ev_ebitda__12M         t=-4.37 fixedCV=2.15 n_eff=34.7 wildP=0.0 → SURVIVE
   ev_ebitda__24M_value   t=-5.22 fixedCV=2.16 n_eff=31.5 wildP=0.0 → SURVIVE
   per_z__3M              t=-2.14 fixedCV=2.13 n_eff=55.5 wildP=0.0465 → SURVIVE
   per_z__6M              t=-1.55 fixedCV=2.14 n_eff=42.4 wildP=0.159 → weak
   per_z__12M             t=-0.96 fixedCV=2.15 n_eff=35.7 wildP=0.35 → weak
   per_z__24M_value       t=-2.24 fixedCV=2.16 n_eff=31.9 wildP=0.042 → SURVIVE

2. family_2 interaction (IC~Δbaa_aaa, fixed-b):
   pbr_z          β=-0.0101 t=-0.05 CV=2.32 wildP=0.9745 → weak
   ev_ebitda      β=+0.2417 t=+1.21 CV=2.15 wildP=0.3535 → weak
   per_z          β=-0.0161 t=-0.12 CV=2.19 wildP=0.9155 → weak
   sales_yield    β=-0.1475 t=-0.64 CV=2.28 wildP=0.6135 → weak
   vol_60         β=-0.1944 t=-0.55 CV=2.4 wildP=0.619 → weak
   mom_6          β=-0.3531 t=-1.16 CV=2.2 wildP=0.1925 → weak

3. residual-mom:
   3M       IC=+0.0268 t=+1.15 CV=2.14 wildP=0.288 → weak
   6M       IC=+0.0476 t=+1.61 CV=2.14 wildP=0.161 → weak
   12M      IC=+0.0414 t=+0.97 CV=2.16 wildP=0.4035 → weak
   24M_value IC=+0.0084 t=+0.24 CV=2.18 wildP=0.8355 → weak

4. breadth sweep:
   amihud__6M             IC=+0.0649 t=+1.85 CV=2.14 wildP=0.0815 → weak
   amihud__3M             IC=+0.0490 t=+1.78 CV=2.13 wildP=0.0885 → weak
   amihud__24M_value      IC=+0.0640 t=+1.66 CV=2.16 wildP=0.106 → weak
   amihud__12M            IC=+0.0650 t=+1.39 CV=2.15 wildP=0.2015 → weak
   op_prof__24M_value     IC=-0.0294 t=-1.05 CV=2.16 wildP=0.3565 → weak
   p52w_high__12M         IC=-0.0312 t=-0.73 CV=2.16 wildP=0.5015 → weak
   net_issuance__24M_value IC=-0.0140 t=-0.45 CV=2.16 wildP=0.6795 → weak
   roe__12M               IC=-0.0251 t=-0.48 CV=2.15 wildP=0.6815 → weak
   p52w_high__3M          IC=-0.0092 t=-0.38 CV=2.15 wildP=0.715 → weak
   net_issuance__6M       IC=-0.0084 t=-0.39 CV=2.14 wildP=0.723 → weak
   op_prof__6M            IC=+0.0065 t=+0.33 CV=2.14 wildP=0.7715 → weak
   roe__24M_value         IC=-0.0154 t=-0.31 CV=2.16 wildP=0.7945 → weak
   op_prof__3M            IC=+0.0046 t=+0.25 CV=2.13 wildP=0.826 → weak
   roe__3M                IC=+0.0040 t=+0.16 CV=2.13 wildP=0.878 → weak
   net_issuance__12M      IC=-0.0037 t=-0.17 CV=2.15 wildP=0.88 → weak
   roe__6M                IC=-0.0053 t=-0.13 CV=2.14 wildP=0.8955 → weak
   op_prof__12M           IC=+0.0034 t=+0.14 CV=2.15 wildP=0.901 → weak
   p52w_high__6M          IC=-0.0018 t=-0.06 CV=2.15 wildP=0.9565 → weak
   p52w_high__24M_value   IC=-0.0018 t=-0.05 CV=2.19 wildP=0.96 → weak
   net_issuance__3M       IC=-0.0002 t=-0.01 CV=2.13 wildP=0.9915 → weak
   accruals__3M           IC=-0.0242 t=-0.49 CV=2.76 wildP=None → weak
   accruals__6M           IC=-0.0306 t=-1.30 CV=2.76 wildP=None → weak
   accruals__12M          IC=+0.0083 t=+0.38 CV=2.83 wildP=None → weak

★ 단일 FDR family: m=36 M_eff=36 survivors=['fam1_ev_ebitda__12M', 'fam1_ev_ebitda__24M_value', 'fam1_pbr_z__3M', 'fam1_ev_ebitda__6M']
   raw_p_min=0.0 (fam1_ev_ebitda__12M)
